2026-06-30 22:10:15,811 | INFO | ================================================================================
2026-06-30 22:10:15,811 | INFO | ChromaDB Ingestion Pipeline Started
2026-06-30 22:10:15,811 | INFO | Target model(s) : all
2026-06-30 22:10:15,811 | INFO | Reset collection: True
2026-06-30 22:10:15,811 | INFO | ================================================================================
2026-06-30 22:10:15,811 | INFO | Building chunk metadata lookup...
2026-06-30 22:10:15,885 | INFO | Loaded 3815 chunks into lookup.
2026-06-30 22:10:15,885 | INFO | --- Starting ingestion for model: e5 ---
2026-06-30 22:10:15,959 | INFO | Detected embedding dimension: 1024 for model e5
2026-06-30 22:10:15,959 | INFO | Reset flag is set. Resetting collection: reguaz_e5
2026-06-30 22:10:15,964 | INFO | Reading embeddings for e5...
2026-06-30 22:10:18,083 | WARNING | Duplicate chunk_id encountered: Azərbaycan Respublikası Prezidentinin Fərmanı_intro_1. Skipping.
2026-06-30 22:10:18,083 | WARNING | Duplicate chunk_id encountered: Azərbaycan Respublikası Prezidentinin Fərmanı_art_1_2. Skipping.
2026-06-30 22:10:18,589 | WARNING | Duplicate chunk_id encountered: dc1546b51b6aa6b3d92409836_intro_1_part1. Skipping.
2026-06-30 22:10:18,589 | WARNING | Duplicate chunk_id encountered: dc1546b51b6aa6b3d92409836_intro_1_part2. Skipping.
2026-06-30 22:10:18,589 | WARNING | Duplicate chunk_id encountered: dc1546b51b6aa6b3d92409836_intro_1_part3. Skipping.
2026-06-30 22:10:18,589 | WARNING | Duplicate chunk_id encountered: dc1546b51b6aa6b3d92409836_intro_1_part4. Skipping.
2026-06-30 22:10:18,590 | WARNING | Duplicate chunk_id encountered: dc1546b51b6aa6b3d92409836_intro_1_part5. Skipping.
2026-06-30 22:10:18,590 | WARNING | Duplicate chunk_id encountered: dc1546b51b6aa6b3d92409836_intro_1_part6. Skipping.
2026-06-30 22:10:19,226 | INFO | --- Finished ingestion for e5 ---
2026-06-30 22:10:19,226 | INFO | --- Starting ingestion for model: bge_m3 ---
2026-06-30 22:10:19,230 | INFO | Detected embedding dimension: 1024 for model bge_m3
2026-06-30 22:10:19,230 | INFO | Reset flag is set. Resetting collection: reguaz_bge_m3
2026-06-30 22:10:19,231 | INFO | Reading embeddings for bge_m3...
2026-06-30 22:10:21,569 | WARNING | Duplicate chunk_id encountered: Azərbaycan Respublikası Prezidentinin Fərmanı_intro_1. Skipping.
2026-06-30 22:10:21,569 | WARNING | Duplicate chunk_id encountered: Azərbaycan Respublikası Prezidentinin Fərmanı_art_1_2. Skipping.
2026-06-30 22:10:22,104 | WARNING | Duplicate chunk_id encountered: dc1546b51b6aa6b3d92409836_intro_1_part1. Skipping.
2026-06-30 22:10:22,105 | WARNING | Duplicate chunk_id encountered: dc1546b51b6aa6b3d92409836_intro_1_part2. Skipping.
2026-06-30 22:10:22,105 | WARNING | Duplicate chunk_id encountered: dc1546b51b6aa6b3d92409836_intro_1_part3. Skipping.
2026-06-30 22:10:22,105 | WARNING | Duplicate chunk_id encountered: dc1546b51b6aa6b3d92409836_intro_1_part4. Skipping.
2026-06-30 22:10:22,105 | WARNING | Duplicate chunk_id encountered: dc1546b51b6aa6b3d92409836_intro_1_part5. Skipping.
2026-06-30 22:10:22,105 | WARNING | Duplicate chunk_id encountered: dc1546b51b6aa6b3d92409836_intro_1_part6. Skipping.
2026-06-30 22:10:22,796 | INFO | --- Finished ingestion for bge_m3 ---
2026-06-30 22:10:22,796 | INFO | ================================================================================
2026-06-30 22:10:22,796 | INFO | POST-INGESTION VERIFICATION
2026-06-30 22:10:22,796 | INFO | ================================================================================
2026-06-30 22:10:22,796 | INFO | [e5] Vector Count Check: Tracked 3815 vs Actual 3815
2026-06-30 22:10:22,796 | INFO | [e5] Vector Count: PASS
2026-06-30 22:10:22,796 | WARNING | [e5] Duplicate Check: WARN (8 duplicates found)
2026-06-30 22:10:22,796 | INFO | [e5] Orphan Check: PASS (0 orphans)
2026-06-30 22:10:22,796 | INFO | [e5] Dimension Consistency: PASS (All 1024)
2026-06-30 22:10:22,796 | INFO | [bge_m3] Vector Count Check: Tracked 3815 vs Actual 3815
2026-06-30 22:10:22,796 | INFO | [bge_m3] Vector Count: PASS
2026-06-30 22:10:22,796 | WARNING | [bge_m3] Duplicate Check: WARN (8 duplicates found)
2026-06-30 22:10:22,796 | INFO | [bge_m3] Orphan Check: PASS (0 orphans)
2026-06-30 22:10:22,796 | INFO | [bge_m3] Dimension Consistency: PASS (All 1024)
2026-06-30 22:10:22,796 | INFO | [Cross-Collection] Checking parity across models...
2026-06-30 22:10:22,797 | INFO | [Cross-Collection] Parity Check: PASS (Identical chunk_ids across collections)
2026-06-30 22:10:22,797 | INFO | ================================================================================
2026-06-30 22:10:22,797 | INFO | PIPELINE COMPLETED SUCCESSFULLY
2026-06-30 22:10:22,797 | INFO | Total processing time: 6.99 sec
2026-06-30 22:10:22,797 | INFO | ================================================================================
